exports[`test renders correctly 1`] = `
<View
  style={
    Object {
      "backgroundColor": "aliceblue",
      "flex": 1,
    }
  }>
  <ScrollView>
    <View
      style={
        Object {
          "padding": 20,
        }
      }>
      <ScrollView
        dataSource={
          ListViewDataSource {
            "items": 2,
          }
        }
        initialListSize={10}
        onContentSizeChange={[Function]}
        onEndReachedThreshold={1000}
        onKeyboardDidHide={undefined}
        onKeyboardDidShow={undefined}
        onKeyboardWillHide={undefined}
        onKeyboardWillShow={undefined}
        onLayout={[Function]}
        onScroll={[Function]}
        pageSize={1}
        removeClippedSubviews={true}
        renderRow={[Function]}
        scrollEventThrottle={50}
        scrollRenderAheadDistance={1000}
        stickyHeaderIndices={Array []}
        style={undefined}>
        <View
          accessibilityComponentType={undefined}
          accessibilityLabel={undefined}
          accessibilityTraits={undefined}
          accessible={true}
          hitSlop={undefined}
          onLayout={undefined}
          onResponderGrant={[Function]}
          onResponderMove={[Function]}
          onResponderRelease={[Function]}
          onResponderTerminate={[Function]}
          onResponderTerminationRequest={[Function]}
          onStartShouldSetResponder={[Function]}
          style={
            Array [
              Object {
                "backgroundColor": "transparent",
              },
              Object {
                "backgroundColor": "white",
                "elevation": 3,
                "margin": 5,
              },
            ]
          }
          testID={undefined}>
          <View
            style={
              Array [
                Object {
                  "alignItems": "center",
                  "flex": 1,
                  "flexDirection": "row",
                  "height": 80,
                  "padding": 10,
                },
                Object {
                  "backgroundColor": "#f1dcda",
                },
              ]
            }>
            <Image
              resizeMode="contain"
              source={
                Object {
                  "uri": null,
                }
              }
              style={
                Object {
                  "borderRadius": 25,
                  "flex": 1,
                  "height": 50,
                  "width": 50,
                }
              } />
            <View
              style={
                Object {
                  "alignItems": "center",
                  "flex": 1.5,
                  "justifyContent": "center",
                  "paddingLeft": 10,
                  "paddingRight": 10,
                }
              }>
              <Text
                accessible={true}
                allowFontScaling={true}
                ellipsizeMode="tail"
                style={
                  Object {
                    "fontSize": 12,
                    "fontWeight": "bold",
                    "marginBottom": 2,
                    "textAlign": "center",
                  }
                }>
                Normal
              </Text>
              <Text
                accessible={true}
                allowFontScaling={true}
                ellipsizeMode="tail"
                style={
                  Object {
                    "fontSize": 11,
                    "fontWeight": "bold",
                    "textAlign": "center",
                  }
                }>
                8 hours ago
              </Text>
              <Text
                accessible={true}
                allowFontScaling={true}
                ellipsizeMode="tail"
                style={
                  Object {
                    "fontSize": 11,
                    "fontWeight": "bold",
                    "textAlign": "center",
                  }
                }>
                32m 41s
              </Text>
            </View>
            <View
              style={
                Object {
                  "alignItems": "center",
                  "flex": 1.5,
                }
              }>
              <View
                style={
                  Object {
                    "alignItems": "center",
                    "flexDirection": "row",
                    "height": 35,
                    "justifyContent": "center",
                  }
                }>
                <Text
                  accessible={true}
                  allowFontScaling={true}
                  ellipsizeMode="tail"
                  style={
                    Array [
                      Object {
                        "flex": 1,
                        "fontWeight": "bold",
                      },
                      Object {
                        "fontSize": 12,
                      },
                      Object {},
                    ]
                  }>
                  Result
                </Text>
                <Text
                  accessible={true}
                  allowFontScaling={true}
                  ellipsizeMode="tail"
                  style={
                    Array [
                      Object {
                        "flex": 1,
                      },
                      Object {
                        "fontSize": 12,
                      },
                      Array [
                        Object {
                          "color": "#c6443e",
                          "fontWeight": "bold",
                        },
                      ],
                    ]
                  }>
                  Defeat
                </Text>
              </View>
              <View
                style={
                  Object {
                    "flex": 1,
                    "flexDirection": "row",
                  }
                }>
                <Text
                  accessible={true}
                  allowFontScaling={true}
                  ellipsizeMode="tail"
                  style={
                    Array [
                      Object {
                        "flex": 1,
                        "fontSize": 12,
                        "fontWeight": "bold",
                      },
                      Object {
                        "flex": 1,
                      },
                    ]
                  }>
                  KDA
                </Text>
                <View
                  style={
                    Object {
                      "flex": 1,
                      "flexDirection": "row",
                    }
                  }>
                  <Text
                    accessible={true}
                    allowFontScaling={true}
                    ellipsizeMode="tail"
                    style={
                      Array [
                        Object {
                          "fontSize": 12,
                          "fontWeight": "bold",
                        },
                        Object {
                          "color": "#1a78ae",
                          "fontWeight": "bold",
                        },
                      ]
                    }>
                    5
                  </Text>
                  <Text
                    accessible={true}
                    allowFontScaling={true}
                    ellipsizeMode="tail"
                    style={
                      Object {
                        "fontSize": 12,
                        "fontWeight": "bold",
                      }
                    }>
                    /
                  </Text>
                  <Text
                    accessible={true}
                    allowFontScaling={true}
                    ellipsizeMode="tail"
                    style={
                      Array [
                        Object {
                          "fontSize": 12,
                          "fontWeight": "bold",
                        },
                        Object {
                          "color": "#c6443e",
                          "fontWeight": "bold",
                        },
                      ]
                    }>
                    13
                  </Text>
                  <Text
                    accessible={true}
                    allowFontScaling={true}
                    ellipsizeMode="tail"
                    style={
                      Object {
                        "fontSize": 12,
                        "fontWeight": "bold",
                      }
                    }>
                    /
                  </Text>
                  <Text
                    accessible={true}
                    allowFontScaling={true}
                    ellipsizeMode="tail"
                    style={
                      Array [
                        Object {
                          "fontSize": 12,
                          "fontWeight": "bold",
                        },
                        Object {
                          "color": "#1a78ae",
                          "fontWeight": "bold",
                        },
                      ]
                    }>
                    2
                  </Text>
                </View>
              </View>
            </View>
            <View
              style={
                Object {
                  "flex": 0.5,
                }
              }>
              <Text
                accessible={true}
                allowFontScaling={false}
                ellipsizeMode="tail"
                style={
                  Array [
                    Object {
                      "color": "dodgerblue",
                      "fontSize": 25,
                    },
                    undefined,
                    Object {
                      "fontFamily": "Entypo",
                      "fontStyle": "normal",
                      "fontWeight": "normal",
                    },
                  ]
                }>
                
              </Text>
            </View>
          </View>
        </View>
        <View
          accessibilityComponentType={undefined}
          accessibilityLabel={undefined}
          accessibilityTraits={undefined}
          accessible={true}
          hitSlop={undefined}
          onLayout={undefined}
          onResponderGrant={[Function]}
          onResponderMove={[Function]}
          onResponderRelease={[Function]}
          onResponderTerminate={[Function]}
          onResponderTerminationRequest={[Function]}
          onStartShouldSetResponder={[Function]}
          style={
            Array [
              Object {
                "backgroundColor": "transparent",
              },
              Object {
                "backgroundColor": "white",
                "elevation": 3,
                "margin": 5,
              },
            ]
          }
          testID={undefined}>
          <View
            style={
              Array [
                Object {
                  "alignItems": "center",
                  "flex": 1,
                  "flexDirection": "row",
                  "height": 80,
                  "padding": 10,
                },
                Object {
                  "backgroundColor": "#d4e7f7",
                },
              ]
            }>
            <Image
              resizeMode="contain"
              source={
                Object {
                  "uri": null,
                }
              }
              style={
                Object {
                  "borderRadius": 25,
                  "flex": 1,
                  "height": 50,
                  "width": 50,
                }
              } />
            <View
              style={
                Object {
                  "alignItems": "center",
                  "flex": 1.5,
                  "justifyContent": "center",
                  "paddingLeft": 10,
                  "paddingRight": 10,
                }
              }>
              <Text
                accessible={true}
                allowFontScaling={true}
                ellipsizeMode="tail"
                style={
                  Object {
                    "fontSize": 12,
                    "fontWeight": "bold",
                    "marginBottom": 2,
                    "textAlign": "center",
                  }
                }>
                Assassinate
              </Text>
              <Text
                accessible={true}
                allowFontScaling={true}
                ellipsizeMode="tail"
                style={
                  Object {
                    "fontSize": 11,
                    "fontWeight": "bold",
                    "textAlign": "center",
                  }
                }>
                9 hours ago
              </Text>
              <Text
                accessible={true}
                allowFontScaling={true}
                ellipsizeMode="tail"
                style={
                  Object {
                    "fontSize": 11,
                    "fontWeight": "bold",
                    "textAlign": "center",
                  }
                }>
                13m 32s
              </Text>
            </View>
            <View
              style={
                Object {
                  "alignItems": "center",
                  "flex": 1.5,
                }
              }>
              <View
                style={
                  Object {
                    "alignItems": "center",
                    "flexDirection": "row",
                    "height": 35,
                    "justifyContent": "center",
                  }
                }>
                <Text
                  accessible={true}
                  allowFontScaling={true}
                  ellipsizeMode="tail"
                  style={
                    Array [
                      Object {
                        "flex": 1,
                        "fontWeight": "bold",
                      },
                      Object {
                        "fontSize": 12,
                      },
                      Object {},
                    ]
                  }>
                  Result
                </Text>
                <Text
                  accessible={true}
                  allowFontScaling={true}
                  ellipsizeMode="tail"
                  style={
                    Array [
                      Object {
                        "flex": 1,
                      },
                      Object {
                        "fontSize": 12,
                      },
                      Array [
                        Object {
                          "color": "#1a78ae",
                          "fontWeight": "bold",
                        },
                      ],
                    ]
                  }>
                  Victory
                </Text>
              </View>
              <View
                style={
                  Object {
                    "flex": 1,
                    "flexDirection": "row",
                  }
                }>
                <Text
                  accessible={true}
                  allowFontScaling={true}
                  ellipsizeMode="tail"
                  style={
                    Array [
                      Object {
                        "flex": 1,
                        "fontSize": 12,
                        "fontWeight": "bold",
                      },
                      Object {
                        "flex": 1,
                      },
                    ]
                  }>
                  KDA
                </Text>
                <View
                  style={
                    Object {
                      "flex": 1,
                      "flexDirection": "row",
                    }
                  }>
                  <Text
                    accessible={true}
                    allowFontScaling={true}
                    ellipsizeMode="tail"
                    style={
                      Array [
                        Object {
                          "fontSize": 12,
                          "fontWeight": "bold",
                        },
                        Object {
                          "color": "#1a78ae",
                          "fontWeight": "bold",
                        },
                      ]
                    }>
                    4
                  </Text>
                  <Text
                    accessible={true}
                    allowFontScaling={true}
                    ellipsizeMode="tail"
                    style={
                      Object {
                        "fontSize": 12,
                        "fontWeight": "bold",
                      }
                    }>
                    /
                  </Text>
                  <Text
                    accessible={true}
                    allowFontScaling={true}
                    ellipsizeMode="tail"
                    style={
                      Array [
                        Object {
                          "fontSize": 12,
                          "fontWeight": "bold",
                        },
                        Object {
                          "color": "#c6443e",
                          "fontWeight": "bold",
                        },
                      ]
                    }>
                    6
                  </Text>
                  <Text
                    accessible={true}
                    allowFontScaling={true}
                    ellipsizeMode="tail"
                    style={
                      Object {
                        "fontSize": 12,
                        "fontWeight": "bold",
                      }
                    }>
                    /
                  </Text>
                  <Text
                    accessible={true}
                    allowFontScaling={true}
                    ellipsizeMode="tail"
                    style={
                      Array [
                        Object {
                          "fontSize": 12,
                          "fontWeight": "bold",
                        },
                        Object {
                          "color": "#1a78ae",
                          "fontWeight": "bold",
                        },
                      ]
                    }>
                    7
                  </Text>
                </View>
              </View>
            </View>
            <View
              style={
                Object {
                  "flex": 0.5,
                }
              }>
              <Text
                accessible={true}
                allowFontScaling={false}
                ellipsizeMode="tail"
                style={
                  Array [
                    Object {
                      "color": "dodgerblue",
                      "fontSize": 25,
                    },
                    undefined,
                    Object {
                      "fontFamily": "Entypo",
                      "fontStyle": "normal",
                      "fontWeight": "normal",
                    },
                  ]
                }>
                
              </Text>
            </View>
          </View>
        </View>
      </ScrollView>
    </View>
  </ScrollView>
</View>
`;
