exports[`test renders correctly 1`] = `
<View
  style={
    Object {
      "alignItems": "center",
      "flexDirection": "row",
      "height": 35,
      "justifyContent": "center",
    }
  }>
  <Text
    accessible={true}
    allowFontScaling={true}
    ellipsizeMode="tail"
    style={
      Array [
        Object {
          "flex": 1,
          "fontWeight": "bold",
        },
        Object {},
        Object {},
      ]
    }>
    TestLabel
  </Text>
  <Text
    accessible={true}
    allowFontScaling={true}
    ellipsizeMode="tail"
    style={
      Array [
        Object {
          "flex": 1,
        },
        Object {},
        Object {},
      ]
    }>
    TestValue
  </Text>
</View>
`;
