exports[`test renders correctly 1`] = `
<View
  style={
    Object {
      "backgroundColor": "white",
      "elevation": 3,
      "flexDirection": "column",
      "padding": 20,
    }
  }>
  <View
    style={
      Object {
        "alignItems": "center",
      }
    }>
    <Image
      source={
        Object {
          "uri": "http://ddragon.leagueoflegends.com/cdn/7.2.1/img/profileicon/553.png",
        }
      }
      style={
        Object {
          "borderRadius": 35,
          "height": 70,
          "width": 70,
        }
      } />
    <Text
      accessible={true}
      allowFontScaling={true}
      ellipsizeMode="tail"
      style={
        Object {
          "color": "dodgerblue",
          "fontSize": 16,
          "padding": 10,
          "textAlign": "center",
        }
      }>
       
      Test
       
    </Text>
  </View>
  <View
    style={
      Object {
        "alignItems": "center",
        "flexDirection": "row",
        "height": 35,
        "justifyContent": "center",
      }
    }>
    <Text
      accessible={true}
      allowFontScaling={true}
      ellipsizeMode="tail"
      style={
        Array [
          Object {
            "flex": 1,
            "fontWeight": "bold",
          },
          Object {},
          Array [
            Object {
              "color": "dodgerblue",
            },
          ],
        ]
      }>
      Division Name
    </Text>
    <Text
      accessible={true}
      allowFontScaling={true}
      ellipsizeMode="tail"
      style={
        Array [
          Object {
            "flex": 1,
          },
          Object {},
          Object {},
        ]
      }>
      Trundle\'s Dervish
    </Text>
  </View>
  <View
    style={
      Object {
        "alignItems": "center",
        "flexDirection": "row",
        "height": 35,
        "justifyContent": "center",
      }
    }>
    <Text
      accessible={true}
      allowFontScaling={true}
      ellipsizeMode="tail"
      style={
        Array [
          Object {
            "flex": 1,
            "fontWeight": "bold",
          },
          Object {},
          Array [
            Object {
              "color": "dodgerblue",
            },
          ],
        ]
      }>
      Tier
    </Text>
    <Text
      accessible={true}
      allowFontScaling={true}
      ellipsizeMode="tail"
      style={
        Array [
          Object {
            "flex": 1,
          },
          Object {},
          Object {},
        ]
      }>
      SILVER
    </Text>
  </View>
  <View
    style={
      Object {
        "alignItems": "center",
        "flexDirection": "row",
        "height": 35,
        "justifyContent": "center",
      }
    }>
    <Text
      accessible={true}
      allowFontScaling={true}
      ellipsizeMode="tail"
      style={
        Array [
          Object {
            "flex": 1,
            "fontWeight": "bold",
          },
          Object {},
          Array [
            Object {
              "color": "dodgerblue",
            },
          ],
        ]
      }>
      Wins
    </Text>
    <Text
      accessible={true}
      allowFontScaling={true}
      ellipsizeMode="tail"
      style={
        Array [
          Object {
            "flex": 1,
          },
          Object {},
          Object {},
        ]
      }>
      21
    </Text>
  </View>
  <View
    style={
      Object {
        "alignItems": "center",
        "flexDirection": "row",
        "height": 35,
        "justifyContent": "center",
      }
    }>
    <Text
      accessible={true}
      allowFontScaling={true}
      ellipsizeMode="tail"
      style={
        Array [
          Object {
            "flex": 1,
            "fontWeight": "bold",
          },
          Object {},
          Array [
            Object {
              "color": "dodgerblue",
            },
          ],
        ]
      }>
      Losses
    </Text>
    <Text
      accessible={true}
      allowFontScaling={true}
      ellipsizeMode="tail"
      style={
        Array [
          Object {
            "flex": 1,
          },
          Object {},
          Object {},
        ]
      }>
      13
    </Text>
  </View>
  <View
    style={
      Object {
        "alignItems": "center",
        "flexDirection": "row",
        "height": 35,
        "justifyContent": "center",
      }
    }>
    <Text
      accessible={true}
      allowFontScaling={true}
      ellipsizeMode="tail"
      style={
        Array [
          Object {
            "flex": 1,
            "fontWeight": "bold",
          },
          Object {},
          Array [
            Object {
              "color": "dodgerblue",
            },
          ],
        ]
      }>
      LP
    </Text>
    <Text
      accessible={true}
      allowFontScaling={true}
      ellipsizeMode="tail"
      style={
        Array [
          Object {
            "flex": 1,
          },
          Object {},
          Object {},
        ]
      }>
      26
    </Text>
  </View>
  <View
    accessibilityComponentType="button"
    accessibilityLabel={undefined}
    accessibilityTraits={
      Array [
        "button",
      ]
    }
    accessible={true}
    hitSlop={undefined}
    onLayout={undefined}
    onResponderGrant={[Function]}
    onResponderMove={[Function]}
    onResponderRelease={[Function]}
    onResponderTerminate={[Function]}
    onResponderTerminationRequest={[Function]}
    onStartShouldSetResponder={[Function]}
    style={
      Object {
        "opacity": 1,
      }
    }
    testID={undefined}>
    <View
      style={
        Array [
          Object {},
        ]
      }>
      <Text
        accessible={true}
        allowFontScaling={true}
        ellipsizeMode="tail"
        style={
          Array [
            Object {
              "color": "#0C42FD",
              "fontSize": 18,
              "padding": 8,
              "textAlign": "center",
            },
            Object {
              "color": "dodgerblue",
            },
          ]
        }>
        Recent Games
      </Text>
    </View>
  </View>
</View>
`;
